jenkins-1  | Running from: /usr/share/jenkins/jenkins.war
jenkins-1  | webroot: /var/jenkins_home/war
jenkins-1  | 2026-09-30 22:07:34.577+0000 [id=1]	INFO	winstone.Logger#logInternal: Beginning extraction from war file
jenkins-1  | 2026-09-30 22:07:34.619+0000 [id=1]	WARNING	o.e.j.ee9.nested.ContextHandler#setContextPath: Empty contextPath
jenkins-1  | 2026-09-30 22:07:34.657+0000 [id=1]	INFO	org.eclipse.jetty.server.Server#doStart: jetty-12.1.12; built: 2026-08-03T22:37:55.389Z; git: 10dd3948f37767b84cc2c62358364f042e51dbbe; jvm 21.0.12.1+1-LTS
jenkins-1  | 2026-09-30 22:07:35.026+0000 [id=1]	INFO	o.e.j.e.w.StandardDescriptorProcessor#visitServlet: NO JSP Support for /, did not find org.eclipse.jetty.ee9.jsp.JettyJspServlet
jenkins-1  | 2026-09-30 22:07:35.062+0000 [id=1]	INFO	o.e.j.s.DefaultSessionIdManager#doStart: Session workerName=node0
jenkins-1  | 2026-09-30 22:07:35.377+0000 [id=1]	INFO	hudson.WebAppMain#contextInitialized: Jenkins home directory: /var/jenkins_home found at: EnvVars.masterEnvVars.get("JENKINS_HOME")
jenkins-1  | 2026-09-30 22:07:35.517+0000 [id=1]	INFO	o.e.j.s.handler.ContextHandler#doStart: Started oeje9n.ContextHandler$CoreContextHandler@415156bf{Jenkins v2.568.3,/,b=file:///var/jenkins_home/war/,a=AVAILABLE,h=oeje9n.ContextHandler$CoreContextHandler$CoreToNestedHandler@393881f0{STARTED}}
jenkins-1  | 2026-09-30 22:07:35.526+0000 [id=1]	INFO	o.e.j.server.AbstractConnector#doStart: Started oejs.ServerConnector@3e9407ce{HTTP/1.1, (http/1.1)}{0.0.0.0:8080}
jenkins-1  | 2026-09-30 22:07:35.526+0000 [id=1]	INFO	org.eclipse.jetty.server.Server#doStart: Started oejs.Server@51ec2df1{STARTING}[12.1.12,sto=0] @870ms
jenkins-1  | 2026-09-30 22:07:35.527+0000 [id=72]	INFO	winstone.Logger#logInternal: Winstone Servlet Engine running: controlPort=disabled
jenkins-1  | 2026-09-30 22:07:35.626+0000 [id=66]	INFO	jenkins.model.Jenkins#<init>: Starting version 2.568.3
jenkins-1  | 2026-09-30 22:07:35.684+0000 [id=83]	INFO	jenkins.InitReactorRunner$1#onAttained: Started initialization
jenkins-1  | 2026-09-30 22:07:35.852+0000 [id=131]	INFO	jenkins.InitReactorRunner$1#onAttained: Listed all plugins
jenkins-1  | 2026-09-30 22:07:37.712+0000 [id=101]	INFO	jenkins.InitReactorRunner$1#onAttained: Prepared all plugins
jenkins-1  | 2026-09-30 22:07:37.727+0000 [id=84]	INFO	jenkins.InitReactorRunner$1#onAttained: Started all plugins
jenkins-1  | 2026-09-30 22:07:37.728+0000 [id=104]	INFO	jenkins.InitReactorRunner$1#onAttained: Augmented all extensions
jenkins-1  | 2026-09-30 22:07:38.152+0000 [id=121]	INFO	jenkins.InitReactorRunner$1#onAttained: System config loaded
jenkins-1  | 2026-09-30 22:07:38.644+0000 [id=109]	INFO	jenkins.InitReactorRunner$1#onAttained: System config adapted
jenkins-1  | 2026-09-30 22:07:38.667+0000 [id=135]	INFO	jenkins.InitReactorRunner$1#onAttained: Loaded all jobs
jenkins-1  | 2026-09-30 22:07:38.673+0000 [id=139]	INFO	jenkins.InitReactorRunner$1#onAttained: Configuration for all jobs updated
jenkins-1  | 2026-09-30 22:07:38.677+0000 [id=82]	WARNING	hudson.model.User$AllUsers#scanAll: entry for admin in /var/jenkins_home/users/admin_5b6129cc2cb13f17968ca852412efa15346744b7eaaaea38f058b55538f10437 duplicates one seen earlier for admin
jenkins-1  | 2026-09-30 22:07:38.690+0000 [id=143]	INFO	jenkins.InitReactorRunner$1#onAttained: Completed initialization
jenkins-1  | 2026-09-30 22:07:38.711+0000 [id=66]	INFO	hudson.lifecycle.Lifecycle#onReady: Jenkins is fully up and running
