Started
[Thu Oct 01 02:17:00 UTC 2026] Starting branch indexing...
Connecting to https://api.github.com using Temporario: GitHub Branch Source E5
Examining DaviSouza78/carparts-jenkins-aula06

  Getting remote pull requests...

  Checking branches...

  Getting remote branches...

    Checking branch main
      ‘Jenkinsfile’ found
    Met criteria
No changes detected: main (still at e633481f0aa89f3122dea1bc5f38ac18dee9c9cd)

    Checking branch e5-revisao-exemplo
Ignoring SCMHead{'e5-revisao-exemplo'} because current strategy excludes branches that ARE also filed as a pull request

  2 branches were processed

  Checking pull-requests...

    Checking pull request #1
      ‘Jenkinsfile’ found
    Met criteria
No changes detected: PR-1 (still at dbe9258e28df512f77249844afe305bc4c10dfc3+3d15f8e70bd031b494414a4595fd3fd49767636e (f82c610e5d69a81f6d703e2bfec722f8c3fa1ae5))

  1 pull requests were processed

Finished examining DaviSouza78/carparts-jenkins-aula06

[Thu Oct 01 02:17:04 UTC 2026] Finished branch indexing. Indexing took 3.8 sec
Finished: SUCCESS
