Branch indexing
 > git rev-parse --resolve-git-dir /var/jenkins_home/caches/git-6fcbd591ff4c4d23d4e7849bbbf906bb/.git # timeout=10
Setting origin to /project-git
 > git config remote.origin.url /project-git # timeout=10
Fetching origin...
Fetching upstream changes from origin
 > git --version # timeout=10
 > git --version # 'git version 2.47.3'
 > git config --get remote.origin.url # timeout=10
 > git fetch --no-tags --force --progress -- origin +refs/heads/*:refs/remotes/origin/* # timeout=10
Seen branch in repository origin/main
Seen 1 remote branch
Obtained Jenkinsfile from ea67aa45aca65fc25bd7e651049b98852c36c1c4
[Pipeline] Start of Pipeline
[Pipeline] withEnv
[Pipeline] {
[Pipeline] stage
[Pipeline] { (Checkout)
[Pipeline] timeout
Timeout set to expire in 10 min
[Pipeline] {
[Pipeline] node
Running on linux-docker in /home/jenkins/agent/workspace/carparts-multibranch-local_main
[Pipeline] {
[Pipeline] script
[Pipeline] {
[Pipeline] checkout
Selected Git installation does not exist. Using Default
The recommended git tool is: NONE
No credentials specified
Cloning the remote Git repository
Cloning with configured refspecs honoured and without tags
Cloning repository /project-git
 > git init /home/jenkins/agent/workspace/carparts-multibranch-local_main # timeout=10
Fetching upstream changes from /project-git
 > git --version # timeout=10
 > git --version # 'git version 2.47.3'
 > git fetch --no-tags --force --progress -- /project-git +refs/heads/*:refs/remotes/origin/* # timeout=10
 > git config remote.origin.url /project-git # timeout=10
 > git config --add remote.origin.fetch +refs/heads/*:refs/remotes/origin/* # timeout=10
Avoid second fetch
Checking out Revision ea67aa45aca65fc25bd7e651049b98852c36c1c4 (main)
 > git config core.sparsecheckout # timeout=10
 > git checkout -f ea67aa45aca65fc25bd7e651049b98852c36c1c4 # timeout=10
Commit message: "Remove student identity from project README"
First time build. Skipping changelog.
[Pipeline] sh
+ git rev-parse HEAD
[Pipeline] }
[Pipeline] // script
[Pipeline] }
[Pipeline] // node
[Pipeline] }
[Pipeline] // timeout
[Pipeline] }
[Pipeline] // stage
[Pipeline] stage
[Pipeline] { (Qualidade)
[Pipeline] timeout
Timeout set to expire in 15 min
[Pipeline] {
[Pipeline] node
Running on linux-docker in /home/jenkins/agent/workspace/carparts-multibranch-local_main
[Pipeline] {
[Pipeline] sh
+ docker build --target lint -t carparts-lint:1 .
DEPRECATED: The legacy builder is deprecated and will be removed in a future release.
            Install the buildx component to build images with BuildKit:
            https://docs.docker.com/go/buildx/

Sending build context to Docker daemon  48.13kB
Step 1/8 : FROM node:22-alpine AS base
 ---> 7c3b093add7c
Step 2/8 : WORKDIR /app
 ---> Using cache
 ---> 44b550491444
Step 3/8 : COPY package.json ./
 ---> 4cad7be7a525
Step 4/8 : COPY src ./src
 ---> 30a04256971c
Step 5/8 : COPY test ./test
 ---> 71fea5c6e385
Step 6/8 : COPY scripts ./scripts
 ---> cd407bdc163b
Step 7/8 : FROM base AS lint
 ---> cd407bdc163b
Step 8/8 : RUN npm run lint
 ---> Running in 848ad51c496d

> carparts-b2b-demo@1.0.0 lint
> node scripts/lint.mjs

Lint de estrutura e estilo: OK
 ---> Removed intermediate container 848ad51c496d
 ---> c1eb5a6c93ef
Successfully built c1eb5a6c93ef
Successfully tagged carparts-lint:1
[Pipeline] }
[Pipeline] // node
[Pipeline] }
[Pipeline] // timeout
[Pipeline] }
[Pipeline] // stage
[Pipeline] stage
[Pipeline] { (Testes)
[Pipeline] timeout
Timeout set to expire in 15 min
[Pipeline] {
[Pipeline] node
Running on linux-docker in /home/jenkins/agent/workspace/carparts-multibranch-local_main
[Pipeline] {
[Pipeline] sh
+ set -eu
+ docker build --target test -t carparts-test:1 .
DEPRECATED: The legacy builder is deprecated and will be removed in a future release.
            Install the buildx component to build images with BuildKit:
            https://docs.docker.com/go/buildx/

Sending build context to Docker daemon  48.13kB
Step 1/10 : FROM node:22-alpine AS base
 ---> 7c3b093add7c
Step 2/10 : WORKDIR /app
 ---> Using cache
 ---> 44b550491444
Step 3/10 : COPY package.json ./
 ---> Using cache
 ---> 4cad7be7a525
Step 4/10 : COPY src ./src
 ---> Using cache
 ---> 30a04256971c
Step 5/10 : COPY test ./test
 ---> Using cache
 ---> 71fea5c6e385
Step 6/10 : COPY scripts ./scripts
 ---> Using cache
 ---> cd407bdc163b
Step 7/10 : FROM base AS lint
 ---> cd407bdc163b
Step 8/10 : RUN npm run lint
 ---> Using cache
 ---> c1eb5a6c93ef
Step 9/10 : FROM base AS test
 ---> cd407bdc163b
Step 10/10 : RUN mkdir -p reports && npm test
 ---> Running in 62da3b958897

> carparts-b2b-demo@1.0.0 test
> node -e "require('fs').mkdirSync('reports',{recursive:true})" && node --test --test-reporter=junit --test-reporter-destination=reports/junit.xml

[91mnpm notice
npm notice New major version of npm available! 10.9.9 -> 12.2.0
npm notice Changelog: https://github.com/npm/cli/releases/tag/v12.2.0
npm notice To update run: npm install -g npm@12.2.0
npm notice
[0m ---> Removed intermediate container 62da3b958897
 ---> dc4e5dbbb9b6
Successfully built dc4e5dbbb9b6
Successfully tagged carparts-test:1
+ docker create carparts-test:1
+ cid=db98bd249ab112e879334ce8296f6cde014a6d6a31ece1a6374a60c0cabf1dac
+ mkdir -p reports
+ docker cp db98bd249ab112e879334ce8296f6cde014a6d6a31ece1a6374a60c0cabf1dac:/app/reports/. reports/
+ docker rm db98bd249ab112e879334ce8296f6cde014a6d6a31ece1a6374a60c0cabf1dac
db98bd249ab112e879334ce8296f6cde014a6d6a31ece1a6374a60c0cabf1dac
Post stage
[Pipeline] junit
Recording test results
[Checks API] No suitable checks publisher found.
[Pipeline] }
[Pipeline] // node
[Pipeline] }
[Pipeline] // timeout
[Pipeline] }
[Pipeline] // stage
[Pipeline] stage
[Pipeline] { (Imagem imutável)
[Pipeline] timeout
Timeout set to expire in 15 min
[Pipeline] {
[Pipeline] node
Running on linux-docker in /home/jenkins/agent/workspace/carparts-multibranch-local_main
[Pipeline] {
[Pipeline] sh
+ docker build --target production -t carparts-b2b-demo:1 .
DEPRECATED: The legacy builder is deprecated and will be removed in a future release.
            Install the buildx component to build images with BuildKit:
            https://docs.docker.com/go/buildx/

Sending build context to Docker daemon  48.13kB
Step 1/19 : FROM node:22-alpine AS base
 ---> 7c3b093add7c
Step 2/19 : WORKDIR /app
 ---> Using cache
 ---> 44b550491444
Step 3/19 : COPY package.json ./
 ---> Using cache
 ---> 4cad7be7a525
Step 4/19 : COPY src ./src
 ---> Using cache
 ---> 30a04256971c
Step 5/19 : COPY test ./test
 ---> Using cache
 ---> 71fea5c6e385
Step 6/19 : COPY scripts ./scripts
 ---> Using cache
 ---> cd407bdc163b
Step 7/19 : FROM base AS lint
 ---> cd407bdc163b
Step 8/19 : RUN npm run lint
 ---> Using cache
 ---> c1eb5a6c93ef
Step 9/19 : FROM base AS test
 ---> cd407bdc163b
Step 10/19 : RUN mkdir -p reports && npm test
 ---> Using cache
 ---> dc4e5dbbb9b6
Step 11/19 : FROM node:22-alpine AS production
 ---> 7c3b093add7c
Step 12/19 : ENV NODE_ENV=production PORT=3000
 ---> Using cache
 ---> 13d9e3a3c52a
Step 13/19 : WORKDIR /app
 ---> Using cache
 ---> 9d26171c11d5
Step 14/19 : COPY --from=base /app/package.json ./
 ---> c53d3a90aaec
Step 15/19 : COPY --from=base /app/src ./src
 ---> 9ec5aa0195b1
Step 16/19 : USER node
 ---> Running in 8a9255b1c143
 ---> Removed intermediate container 8a9255b1c143
 ---> 348c3d387336
Step 17/19 : EXPOSE 3000
 ---> Running in 9a7f59c90ecd
 ---> Removed intermediate container 9a7f59c90ecd
 ---> 78a42d8ae4f5
Step 18/19 : HEALTHCHECK --interval=30s --timeout=3s CMD node -e "fetch('http://127.0.0.1:3000/health').then(r=>process.exit(r.ok?0:1)).catch(()=>process.exit(1))"
 ---> Running in 489f240660d0
 ---> Removed intermediate container 489f240660d0
 ---> 0890d80762af
Step 19/19 : CMD ["node", "src/server.js"]
 ---> Running in 0bfa557f1e2f
 ---> Removed intermediate container 0bfa557f1e2f
 ---> a943e79c43c6
Successfully built a943e79c43c6
Successfully tagged carparts-b2b-demo:1
[Pipeline] sh
+ mkdir -p evidence
+ date -u +%Y-%m-%dT%H:%M:%SZ
+ printf {"build":"%s","commit":"%s","image":"carparts-b2b-demo:%s","timestamp":"%s"}
 1 ea67aa45aca65fc25bd7e651049b98852c36c1c4 1 2026-10-01T01:46:54Z
[Pipeline] archiveArtifacts
Archiving artifacts
Recording fingerprints
[Pipeline] }
[Pipeline] // node
[Pipeline] }
[Pipeline] // timeout
[Pipeline] }
[Pipeline] // stage
[Pipeline] stage
[Pipeline] { (Publicar no ACR)
[Pipeline] timeout
Timeout set to expire in 15 min
[Pipeline] {
[Pipeline] }
[Pipeline] // timeout
Stage "Publicar no ACR" skipped due to when conditional
[Pipeline] getContext
[Pipeline] }
[Pipeline] // stage
[Pipeline] stage
[Pipeline] { (Homologação Azure)
[Pipeline] timeout
Timeout set to expire in 20 min
[Pipeline] {
[Pipeline] }
[Pipeline] // timeout
Stage "Homologação Azure" skipped due to when conditional
[Pipeline] getContext
[Pipeline] }
[Pipeline] // stage
[Pipeline] stage
[Pipeline] { (Aprovação produção)
[Pipeline] timeout
Timeout set to expire in 2 days 0 hr
[Pipeline] {
[Pipeline] }
[Pipeline] // timeout
Stage "Aprovação produção" skipped due to when conditional
[Pipeline] getContext
[Pipeline] }
[Pipeline] // stage
[Pipeline] stage
[Pipeline] { (Produção Azure)
[Pipeline] timeout
Timeout set to expire in 20 min
[Pipeline] {
[Pipeline] }
[Pipeline] // timeout
Stage "Produção Azure" skipped due to when conditional
[Pipeline] getContext
[Pipeline] }
[Pipeline] // stage
[Pipeline] stage
[Pipeline] { (Declarative: Post Actions)
[Pipeline] echo
Build 1 concluído para commit ea67aa45aca65fc25bd7e651049b98852c36c1c4
[Pipeline] }
[Pipeline] // stage
[Pipeline] }
[Pipeline] // withEnv
[Pipeline] End of Pipeline
Finished: SUCCESS
